C:\Users\Vishnu.S\Desktop\git-journey-with-me>git push origin 01-first-version
To https://github.com/Vishnu-Sureshkumar/git-journey-with-me.git
 ! [rejected]        01-first-version -> 01-first-version (fetch first)
error: failed to push some refs to 'https://github.com/Vishnu-Sureshkumar/git-journey-with-me.git'
hint: Updates were rejected because the remote contains work that you do not
hint: have locally. This is usually caused by another repository pushing to
hint: the same ref. If you want to integrate the remote changes, use
hint: 'git pull' before pushing again.
hint: See the 'Note about fast-forwards' in 'git push --help' for details.

C:\Users\Vishnu.S\Desktop\git-journey-with-me>

becoz dev2 already pushed grade to remote



C:\Users\Vishnu.S\Desktop\git-journey-with-me>git pull origin 01-first-version
remote: Enumerating objects: 9, done.
remote: Counting objects: 100% (9/9), done.
remote: Compressing objects: 100% (6/6), done.
remote: Total 7 (delta 1), reused 7 (delta 1), pack-reused 0 (from 0)
Unpacking objects: 100% (7/7), 2.01 KiB | 27.00 KiB/s, done.
From https://github.com/Vishnu-Sureshkumar/git-journey-with-me
 * branch            01-first-version -> FETCH_HEAD
   79775b7..e65f647  01-first-version -> origin/01-first-version
Auto-merging app.py
CONFLICT (content): Merge conflict in app.py
Automatic merge failed; fix conflicts and then commit the result.




C:\Users\Vishnu.S\Desktop\git-journey-with-me>git push origin 01-first-version
To https://github.com/Vishnu-Sureshkumar/git-journey-with-me.git
 ! [rejected]        01-first-version -> 01-first-version (non-fast-forward)
error: failed to push some refs to 'https://github.com/Vishnu-Sureshkumar/git-journey-with-me.git'
hint: Updates were rejected because the tip of your current branch is behind
hint: its remote counterpart. If you want to integrate the remote changes,
hint: use 'git pull' before pushing again.
hint: See the 'Note about fast-forwards' in 'git push --help' for details.

C:\Users\Vishnu.S\Desktop\git-journey-with-me>git add .

C:\Users\Vishnu.S\Desktop\git-journey-with-me>git commit -m "Solved merged conflict"
[01-first-version 53db945] Solved merged conflict
 Committer: S <Vishnu.S@motherson.com>
Your name and email address were configured automatically based
on your username and hostname. Please check that they are accurate.
You can suppress this message by setting them explicitly. Run the
following command and follow the instructions in your editor to edit
your configuration file:

    git config --global --edit

After doing this, you may fix the identity used for this commit with:

    git commit --amend --reset-author


C:\Users\Vishnu.S\Desktop\git-journey-with-me>git push origin 01-first-version
Enumerating objects: 11, done.
Counting objects: 100% (11/11), done.
Delta compression using up to 12 threads
Compressing objects: 100% (7/7), done.
Writing objects: 100% (7/7), 1.34 KiB | 344.00 KiB/s, done.
Total 7 (delta 2), reused 0 (delta 0), pack-reused 0 (from 0)
remote: Resolving deltas: 100% (2/2), completed with 2 local objects.
To https://github.com/Vishnu-Sureshkumar/git-journey-with-me.git
   e65f647..53db945  01-first-version -> 01-first-version

C:\Users\Vishnu.S\Desktop\git-journey-with-me>


C:\Users\Vishnu.S\Desktop\git-journey-with-me>git add .

C:\Users\Vishnu.S\Desktop\git-journey-with-me>git commit -m "Add errors.txt"
[01-first-version f0161de] Add errors.txt
 Committer: S <Vishnu.S@motherson.com>
Your name and email address were configured automatically based
on your username and hostname. Please check that they are accurate.
You can suppress this message by setting them explicitly. Run the
following command and follow the instructions in your editor to edit
your configuration file:

    git config --global --edit

After doing this, you may fix the identity used for this commit with:

    git commit --amend --reset-author

 1 file changed, 44 insertions(+), 1 deletion(-)

C:\Users\Vishnu.S\Desktop\git-journey-with-me>git push origin 01-first-version
Enumerating objects: 5, done.
Counting objects: 100% (5/5), done.
Delta compression using up to 12 threads
Compressing objects: 100% (3/3), done.
Writing objects: 100% (3/3), 1.34 KiB | 124.00 KiB/s, done.
Total 3 (delta 1), reused 0 (delta 0), pack-reused 0 (from 0)
remote: Resolving deltas: 100% (1/1), completed with 1 local object.
To https://github.com/Vishnu-Sureshkumar/git-journey-with-me.git
   53db945..f0161de  01-first-version -> 01-first-version

C:\Users\Vishnu.S\Desktop\git-journey-with-me>git branch
* 01-first-version
  main

C:\Users\Vishnu.S\Desktop\git-journey-with-me>git branch
* 01-first-version
  main

C:\Users\Vishnu.S\Desktop\git-journey-with-me>git checkout main
Switched to branch 'main'
Your branch is up to date with 'origin/main'.

C:\Users\Vishnu.S\Desktop\git-journey-with-me>git pull origin main
remote: Enumerating objects: 1, done.
remote: Counting objects: 100% (1/1), done.
remote: Total 1 (delta 0), reused 0 (delta 0), pack-reused 0 (from 0)
Unpacking objects: 100% (1/1), 912 bytes | 45.00 KiB/s, done.
From https://github.com/Vishnu-Sureshkumar/git-journey-with-me
 * branch            main       -> FETCH_HEAD
   214298c..c165e4f  main       -> origin/main
Updating 214298c..c165e4f
Fast-forward
 Developer2clone.txt       |  78 ++++++++++++++++++++++++
 Errors.txt                |  71 ++++++++++++++++++++++
 app.py                    |   6 ++
 clone_and_move_repo.txt   | 151 ++++++++++++++++++++++++++++++++++++++++++++++
 git fetch origin uses.txt |  46 ++++++++++++++
 5 files changed, 352 insertions(+)
 create mode 100644 Developer2clone.txt
 create mode 100644 Errors.txt
 create mode 100644 app.py
 create mode 100644 clone_and_move_repo.txt
 create mode 100644 git fetch origin uses.txt

C:\Users\Vishnu.S\Desktop\git-journey-with-me>